ffff[0]  00000000
ffff[0].sentinel  00000000
ffff[0].time_stamp  00000010
ffff[0].image_name  00000020
ffff[0].flash_capacity  00000050
ffff[0].erase_block_size  00000054
ffff[0].header_size  00000058
ffff[0].image_length  0000005c
ffff[0].generation_num  00000060
ffff[0].element_table  00000064
ffff[0].element[0].type  00000064
ffff[0].element[0].id  00000068
ffff[0].element[0].generation_no  0000006c
ffff[0].element[0].location  00000070
ffff[0].element[0].length  00000074
ffff[0].element[1].type  00000078
ffff[0].element[1].id  0000007c
ffff[0].element[1].generation_no  00000080
ffff[0].element[1].location  00000084
ffff[0].element[1].length  00000088
ffff[0].element[2].type  0000008c
ffff[0].element[2].id  00000090
ffff[0].element[2].generation_no  00000094
ffff[0].element[2].location  00000098
ffff[0].element[2].length  0000009c
ffff[0].element[3].type  000000a0
ffff[0].element[3].id  000000a4
ffff[0].element[3].generation_no  000000a8
ffff[0].element[3].location  000000ac
ffff[0].element[3].length  000000b0
ffff[0].element[4].type  000000b4
ffff[0].element[4].id  000000b8
ffff[0].element[4].generation_no  000000bc
ffff[0].element[4].location  000000c0
ffff[0].element[4].length  000000c4
ffff[0].element[5].type  000000c8
ffff[0].element[5].id  000000cc
ffff[0].element[5].generation_no  000000d0
ffff[0].element[5].location  000000d4
ffff[0].element[5].length  000000d8
ffff[0].element[6].type  000000dc
ffff[0].element[6].id  000000e0
ffff[0].element[6].generation_no  000000e4
ffff[0].element[6].location  000000e8
ffff[0].element[6].length  000000ec
ffff[0].element[7].type  000000f0
ffff[0].element[7].id  000000f4
ffff[0].element[7].generation_no  000000f8
ffff[0].element[7].location  000000fc
ffff[0].element[7].length  00000100
ffff[0].element[8].type  00000104
ffff[0].element[8].id  00000108
ffff[0].element[8].generation_no  0000010c
ffff[0].element[8].location  00000110
ffff[0].element[8].length  00000114
ffff[0].element[9].type  00000118
ffff[0].element[9].id  0000011c
ffff[0].element[9].generation_no  00000120
ffff[0].element[9].location  00000124
ffff[0].element[9].length  00000128
ffff[0].element[10].type  0000012c
ffff[0].element[10].id  00000130
ffff[0].element[10].generation_no  00000134
ffff[0].element[10].location  00000138
ffff[0].element[10].length  0000013c
ffff[0].element[11].type  00000140
ffff[0].element[11].id  00000144
ffff[0].element[11].generation_no  00000148
ffff[0].element[11].location  0000014c
ffff[0].element[11].length  00000150
ffff[0].element[12].type  00000154
ffff[0].element[12].id  00000158
ffff[0].element[12].generation_no  0000015c
ffff[0].element[12].location  00000160
ffff[0].element[12].length  00000164
ffff[0].element[13].type  00000168
ffff[0].element[13].id  0000016c
ffff[0].element[13].generation_no  00000170
ffff[0].element[13].location  00000174
ffff[0].element[13].length  00000178
ffff[0].element[14].type  0000017c
ffff[0].element[14].id  00000180
ffff[0].element[14].generation_no  00000184
ffff[0].element[14].location  00000188
ffff[0].element[14].length  0000018c
ffff[0].element[15].type  00000190
ffff[0].element[15].id  00000194
ffff[0].element[15].generation_no  00000198
ffff[0].element[15].location  0000019c
ffff[0].element[15].length  000001a0
ffff[0].element[16].type  000001a4
ffff[0].element[16].id  000001a8
ffff[0].element[16].generation_no  000001ac
ffff[0].element[16].location  000001b0
ffff[0].element[16].length  000001b4
ffff[0].element[17].type  000001b8
ffff[0].element[17].id  000001bc
ffff[0].element[17].generation_no  000001c0
ffff[0].element[17].location  000001c4
ffff[0].element[17].length  000001c8
ffff[0].element[18].type  000001cc
ffff[0].element[18].id  000001d0
ffff[0].element[18].generation_no  000001d4
ffff[0].element[18].location  000001d8
ffff[0].element[18].length  000001dc
ffff[0].padding  000001e0
ffff[0].tail_sentinel  000001f0
ffff[1]  00000800
ffff[1].sentinel  00000800
ffff[1].time_stamp  00000810
ffff[1].image_name  00000820
ffff[1].flash_capacity  00000850
ffff[1].erase_block_size  00000854
ffff[1].header_size  00000858
ffff[1].image_length  0000085c
ffff[1].generation_num  00000860
ffff[1].element_table  00000864
ffff[1].element[0].type  00000864
ffff[1].element[0].id  00000868
ffff[1].element[0].generation_no  0000086c
ffff[1].element[0].location  00000870
ffff[1].element[0].length  00000874
ffff[1].element[1].type  00000878
ffff[1].element[1].id  0000087c
ffff[1].element[1].generation_no  00000880
ffff[1].element[1].location  00000884
ffff[1].element[1].length  00000888
ffff[1].element[2].type  0000088c
ffff[1].element[2].id  00000890
ffff[1].element[2].generation_no  00000894
ffff[1].element[2].location  00000898
ffff[1].element[2].length  0000089c
ffff[1].element[3].type  000008a0
ffff[1].element[3].id  000008a4
ffff[1].element[3].generation_no  000008a8
ffff[1].element[3].location  000008ac
ffff[1].element[3].length  000008b0
ffff[1].element[4].type  000008b4
ffff[1].element[4].id  000008b8
ffff[1].element[4].generation_no  000008bc
ffff[1].element[4].location  000008c0
ffff[1].element[4].length  000008c4
ffff[1].element[5].type  000008c8
ffff[1].element[5].id  000008cc
ffff[1].element[5].generation_no  000008d0
ffff[1].element[5].location  000008d4
ffff[1].element[5].length  000008d8
ffff[1].element[6].type  000008dc
ffff[1].element[6].id  000008e0
ffff[1].element[6].generation_no  000008e4
ffff[1].element[6].location  000008e8
ffff[1].element[6].length  000008ec
ffff[1].element[7].type  000008f0
ffff[1].element[7].id  000008f4
ffff[1].element[7].generation_no  000008f8
ffff[1].element[7].location  000008fc
ffff[1].element[7].length  00000900
ffff[1].element[8].type  00000904
ffff[1].element[8].id  00000908
ffff[1].element[8].generation_no  0000090c
ffff[1].element[8].location  00000910
ffff[1].element[8].length  00000914
ffff[1].element[9].type  00000918
ffff[1].element[9].id  0000091c
ffff[1].element[9].generation_no  00000920
ffff[1].element[9].location  00000924
ffff[1].element[9].length  00000928
ffff[1].element[10].type  0000092c
ffff[1].element[10].id  00000930
ffff[1].element[10].generation_no  00000934
ffff[1].element[10].location  00000938
ffff[1].element[10].length  0000093c
ffff[1].element[11].type  00000940
ffff[1].element[11].id  00000944
ffff[1].element[11].generation_no  00000948
ffff[1].element[11].location  0000094c
ffff[1].element[11].length  00000950
ffff[1].element[12].type  00000954
ffff[1].element[12].id  00000958
ffff[1].element[12].generation_no  0000095c
ffff[1].element[12].location  00000960
ffff[1].element[12].length  00000964
ffff[1].element[13].type  00000968
ffff[1].element[13].id  0000096c
ffff[1].element[13].generation_no  00000970
ffff[1].element[13].location  00000974
ffff[1].element[13].length  00000978
ffff[1].element[14].type  0000097c
ffff[1].element[14].id  00000980
ffff[1].element[14].generation_no  00000984
ffff[1].element[14].location  00000988
ffff[1].element[14].length  0000098c
ffff[1].element[15].type  00000990
ffff[1].element[15].id  00000994
ffff[1].element[15].generation_no  00000998
ffff[1].element[15].location  0000099c
ffff[1].element[15].length  000009a0
ffff[1].element[16].type  000009a4
ffff[1].element[16].id  000009a8
ffff[1].element[16].generation_no  000009ac
ffff[1].element[16].location  000009b0
ffff[1].element[16].length  000009b4
ffff[1].element[17].type  000009b8
ffff[1].element[17].id  000009bc
ffff[1].element[17].generation_no  000009c0
ffff[1].element[17].location  000009c4
ffff[1].element[17].length  000009c8
ffff[1].element[18].type  000009cc
ffff[1].element[18].id  000009d0
ffff[1].element[18].generation_no  000009d4
ffff[1].element[18].location  000009d8
ffff[1].element[18].length  000009dc
ffff[1].padding  000009e0
ffff[1].tail_sentinel  000009f0
ffff.element[0].2fw 00003000
ffff.element[0].2fw.sentinel  00003000
ffff.element[0].2fw.timestamp  00003004
ffff.element[0].2fw.firmware_name  00003014
ffff.element[0].2fw.load_length  00003044
ffff.element[0].2fw.load_base  00003048
ffff.element[0].2fw.expanded_length  0000304c
ffff.element[0].2fw.start_location  00003050
ffff.element[0].2fw.unipro_mfgr_id  00003054
ffff.element[0].2fw.unipro_product_id  00003058
ffff.element[0].2fw.ara_vendor_id  0000305c
ffff.element[0].2fw.ara_product_id  00003060
ffff.element[0].2fw.section[0].section_length  00003064
ffff.element[0].2fw.section[0].expanded_length  00003068
ffff.element[0].2fw.section[0].copy_offset  0000306c
ffff.element[0].2fw.section[0].type  00003070
ffff.element[0].2fw.section[1].section_length  00003074
ffff.element[0].2fw.section[1].expanded_length  00003078
ffff.element[0].2fw.section[1].copy_offset  0000307c
ffff.element[0].2fw.section[1].type  00003080
ffff.element[0].2fw.section[2].section_length  00003084
ffff.element[0].2fw.section[2].expanded_length  00003088
ffff.element[0].2fw.section[2].copy_offset  0000308c
ffff.element[0].2fw.section[2].type  00003090
ffff.element[0].2fw.section[3].section_length  00003094
ffff.element[0].2fw.section[3].expanded_length  00003098
ffff.element[0].2fw.section[3].copy_offset  0000309c
ffff.element[0].2fw.section[3].type  000030a0
ffff.element[0].2fw.section[4].section_length  000030a4
ffff.element[0].2fw.section[4].expanded_length  000030a8
ffff.element[0].2fw.section[4].copy_offset  000030ac
ffff.element[0].2fw.section[4].type  000030b0
ffff.element[0].2fw.section[5].section_length  000030b4
ffff.element[0].2fw.section[5].expanded_length  000030b8
ffff.element[0].2fw.section[5].copy_offset  000030bc
ffff.element[0].2fw.section[5].type  000030c0
ffff.element[0].2fw.section[6].section_length  000030c4
ffff.element[0].2fw.section[6].expanded_length  000030c8
ffff.element[0].2fw.section[6].copy_offset  000030cc
ffff.element[0].2fw.section[6].type  000030d0
ffff.element[0].2fw.section[7].section_length  000030d4
ffff.element[0].2fw.section[7].expanded_length  000030d8
ffff.element[0].2fw.section[7].copy_offset  000030dc
ffff.element[0].2fw.section[7].type  000030e0
ffff.element[0].2fw.section[8].section_length  000030e4
ffff.element[0].2fw.section[8].expanded_length  000030e8
ffff.element[0].2fw.section[8].copy_offset  000030ec
ffff.element[0].2fw.section[8].type  000030f0
ffff.element[0].2fw.section[9].section_length  000030f4
ffff.element[0].2fw.section[9].expanded_length  000030f8
ffff.element[0].2fw.section[9].copy_offset  000030fc
ffff.element[0].2fw.section[9].type  00003100
ffff.element[0].2fw.section[10].section_length  00003104
ffff.element[0].2fw.section[10].expanded_length  00003108
ffff.element[0].2fw.section[10].copy_offset  0000310c
ffff.element[0].2fw.section[10].type  00003110
ffff.element[0].2fw.section[11].section_length  00003114
ffff.element[0].2fw.section[11].expanded_length  00003118
ffff.element[0].2fw.section[11].copy_offset  0000311c
ffff.element[0].2fw.section[11].type  00003120
ffff.element[0].2fw.section[12].section_length  00003124
ffff.element[0].2fw.section[12].expanded_length  00003128
ffff.element[0].2fw.section[12].copy_offset  0000312c
ffff.element[0].2fw.section[12].type  00003130
ffff.element[0].2fw.section[13].section_length  00003134
ffff.element[0].2fw.section[13].expanded_length  00003138
ffff.element[0].2fw.section[13].copy_offset  0000313c
ffff.element[0].2fw.section[13].type  00003140
ffff.element[0].2fw.section[14].section_length  00003144
ffff.element[0].2fw.section[14].expanded_length  00003148
ffff.element[0].2fw.section[14].copy_offset  0000314c
ffff.element[0].2fw.section[14].type  00003150
ffff.element[0].2fw.section[15].section_length  00003154
ffff.element[0].2fw.section[15].expanded_length  00003158
ffff.element[0].2fw.section[15].copy_offset  0000315c
ffff.element[0].2fw.section[15].type  00003160
ffff.element[0].2fw.section[16].section_length  00003164
ffff.element[0].2fw.section[16].expanded_length  00003168
ffff.element[0].2fw.section[16].copy_offset  0000316c
ffff.element[0].2fw.section[16].type  00003170
ffff.element[0].2fw.section[17].section_length  00003174
ffff.element[0].2fw.section[17].expanded_length  00003178
ffff.element[0].2fw.section[17].copy_offset  0000317c
ffff.element[0].2fw.section[17].type  00003180
ffff.element[0].2fw.section[18].section_length  00003184
ffff.element[0].2fw.section[18].expanded_length  00003188
ffff.element[0].2fw.section[18].copy_offset  0000318c
ffff.element[0].2fw.section[18].type  00003190
ffff.element[0].2fw.section[19].section_length  00003194
ffff.element[0].2fw.section[19].expanded_length  00003198
ffff.element[0].2fw.section[19].copy_offset  0000319c
ffff.element[0].2fw.section[19].type  000031a0
ffff.element[0].2fw.section[20].section_length  000031a4
ffff.element[0].2fw.section[20].expanded_length  000031a8
ffff.element[0].2fw.section[20].copy_offset  000031ac
ffff.element[0].2fw.section[20].type  000031b0
ffff.element[0].2fw.section[21].section_length  000031b4
ffff.element[0].2fw.section[21].expanded_length  000031b8
ffff.element[0].2fw.section[21].copy_offset  000031bc
ffff.element[0].2fw.section[21].type  000031c0
ffff.element[0].2fw.section[22].section_length  000031c4
ffff.element[0].2fw.section[22].expanded_length  000031c8
ffff.element[0].2fw.section[22].copy_offset  000031cc
ffff.element[0].2fw.section[22].type  000031d0
ffff.element[0].2fw.section[23].section_length  000031d4
ffff.element[0].2fw.section[23].expanded_length  000031d8
ffff.element[0].2fw.section[23].copy_offset  000031dc
ffff.element[0].2fw.section[23].type  000031e0
ffff.element[0].2fw.section[24].section_length  000031e4
ffff.element[0].2fw.section[24].expanded_length  000031e8
ffff.element[0].2fw.section[24].copy_offset  000031ec
ffff.element[0].2fw.section[24].type  000031f0
ffff.element[0].2fw.padding  000031f4
ffff.element[0].2fw.section[0].code  00003200
ffff.element[0].2fw.section[1].data  00004a04
ffff.element[0].2fw.section[2].signature 00004ab8
ffff.element[0].2fw.section[2].signature.length  00004ab8
ffff.element[0].2fw.section[2].signature.type  00004abc
ffff.element[0].2fw.section[2].signature.key_name  00004ac0
ffff.element[0].2fw.section[2].signature.key_signature  00004b20
ffff.element[1].3fw 00001000
ffff.element[1].3fw.sentinel  00001000
ffff.element[1].3fw.timestamp  00001004
ffff.element[1].3fw.firmware_name  00001014
ffff.element[1].3fw.load_length  00001044
ffff.element[1].3fw.load_base  00001048
ffff.element[1].3fw.expanded_length  0000104c
ffff.element[1].3fw.start_location  00001050
ffff.element[1].3fw.unipro_mfgr_id  00001054
ffff.element[1].3fw.unipro_product_id  00001058
ffff.element[1].3fw.ara_vendor_id  0000105c
ffff.element[1].3fw.ara_product_id  00001060
ffff.element[1].3fw.section[0].section_length  00001064
ffff.element[1].3fw.section[0].expanded_length  00001068
ffff.element[1].3fw.section[0].copy_offset  0000106c
ffff.element[1].3fw.section[0].type  00001070
ffff.element[1].3fw.section[1].section_length  00001074
ffff.element[1].3fw.section[1].expanded_length  00001078
ffff.element[1].3fw.section[1].copy_offset  0000107c
ffff.element[1].3fw.section[1].type  00001080
ffff.element[1].3fw.section[2].section_length  00001084
ffff.element[1].3fw.section[2].expanded_length  00001088
ffff.element[1].3fw.section[2].copy_offset  0000108c
ffff.element[1].3fw.section[2].type  00001090
ffff.element[1].3fw.section[3].section_length  00001094
ffff.element[1].3fw.section[3].expanded_length  00001098
ffff.element[1].3fw.section[3].copy_offset  0000109c
ffff.element[1].3fw.section[3].type  000010a0
ffff.element[1].3fw.section[4].section_length  000010a4
ffff.element[1].3fw.section[4].expanded_length  000010a8
ffff.element[1].3fw.section[4].copy_offset  000010ac
ffff.element[1].3fw.section[4].type  000010b0
ffff.element[1].3fw.section[5].section_length  000010b4
ffff.element[1].3fw.section[5].expanded_length  000010b8
ffff.element[1].3fw.section[5].copy_offset  000010bc
ffff.element[1].3fw.section[5].type  000010c0
ffff.element[1].3fw.section[6].section_length  000010c4
ffff.element[1].3fw.section[6].expanded_length  000010c8
ffff.element[1].3fw.section[6].copy_offset  000010cc
ffff.element[1].3fw.section[6].type  000010d0
ffff.element[1].3fw.section[7].section_length  000010d4
ffff.element[1].3fw.section[7].expanded_length  000010d8
ffff.element[1].3fw.section[7].copy_offset  000010dc
ffff.element[1].3fw.section[7].type  000010e0
ffff.element[1].3fw.section[8].section_length  000010e4
ffff.element[1].3fw.section[8].expanded_length  000010e8
ffff.element[1].3fw.section[8].copy_offset  000010ec
ffff.element[1].3fw.section[8].type  000010f0
ffff.element[1].3fw.section[9].section_length  000010f4
ffff.element[1].3fw.section[9].expanded_length  000010f8
ffff.element[1].3fw.section[9].copy_offset  000010fc
ffff.element[1].3fw.section[9].type  00001100
ffff.element[1].3fw.section[10].section_length  00001104
ffff.element[1].3fw.section[10].expanded_length  00001108
ffff.element[1].3fw.section[10].copy_offset  0000110c
ffff.element[1].3fw.section[10].type  00001110
ffff.element[1].3fw.section[11].section_length  00001114
ffff.element[1].3fw.section[11].expanded_length  00001118
ffff.element[1].3fw.section[11].copy_offset  0000111c
ffff.element[1].3fw.section[11].type  00001120
ffff.element[1].3fw.section[12].section_length  00001124
ffff.element[1].3fw.section[12].expanded_length  00001128
ffff.element[1].3fw.section[12].copy_offset  0000112c
ffff.element[1].3fw.section[12].type  00001130
ffff.element[1].3fw.section[13].section_length  00001134
ffff.element[1].3fw.section[13].expanded_length  00001138
ffff.element[1].3fw.section[13].copy_offset  0000113c
ffff.element[1].3fw.section[13].type  00001140
ffff.element[1].3fw.section[14].section_length  00001144
ffff.element[1].3fw.section[14].expanded_length  00001148
ffff.element[1].3fw.section[14].copy_offset  0000114c
ffff.element[1].3fw.section[14].type  00001150
ffff.element[1].3fw.section[15].section_length  00001154
ffff.element[1].3fw.section[15].expanded_length  00001158
ffff.element[1].3fw.section[15].copy_offset  0000115c
ffff.element[1].3fw.section[15].type  00001160
ffff.element[1].3fw.section[16].section_length  00001164
ffff.element[1].3fw.section[16].expanded_length  00001168
ffff.element[1].3fw.section[16].copy_offset  0000116c
ffff.element[1].3fw.section[16].type  00001170
ffff.element[1].3fw.section[17].section_length  00001174
ffff.element[1].3fw.section[17].expanded_length  00001178
ffff.element[1].3fw.section[17].copy_offset  0000117c
ffff.element[1].3fw.section[17].type  00001180
ffff.element[1].3fw.section[18].section_length  00001184
ffff.element[1].3fw.section[18].expanded_length  00001188
ffff.element[1].3fw.section[18].copy_offset  0000118c
ffff.element[1].3fw.section[18].type  00001190
ffff.element[1].3fw.section[19].section_length  00001194
ffff.element[1].3fw.section[19].expanded_length  00001198
ffff.element[1].3fw.section[19].copy_offset  0000119c
ffff.element[1].3fw.section[19].type  000011a0
ffff.element[1].3fw.section[20].section_length  000011a4
ffff.element[1].3fw.section[20].expanded_length  000011a8
ffff.element[1].3fw.section[20].copy_offset  000011ac
ffff.element[1].3fw.section[20].type  000011b0
ffff.element[1].3fw.section[21].section_length  000011b4
ffff.element[1].3fw.section[21].expanded_length  000011b8
ffff.element[1].3fw.section[21].copy_offset  000011bc
ffff.element[1].3fw.section[21].type  000011c0
ffff.element[1].3fw.section[22].section_length  000011c4
ffff.element[1].3fw.section[22].expanded_length  000011c8
ffff.element[1].3fw.section[22].copy_offset  000011cc
ffff.element[1].3fw.section[22].type  000011d0
ffff.element[1].3fw.section[23].section_length  000011d4
ffff.element[1].3fw.section[23].expanded_length  000011d8
ffff.element[1].3fw.section[23].copy_offset  000011dc
ffff.element[1].3fw.section[23].type  000011e0
ffff.element[1].3fw.section[24].section_length  000011e4
ffff.element[1].3fw.section[24].expanded_length  000011e8
ffff.element[1].3fw.section[24].copy_offset  000011ec
ffff.element[1].3fw.section[24].type  000011f0
ffff.element[1].3fw.padding  000011f4
ffff.element[1].3fw.section[0].code  00001200
ffff.element[1].3fw.section[1].signature 000012bc
ffff.element[1].3fw.section[1].signature.length  000012bc
ffff.element[1].3fw.section[1].signature.type  000012c0
ffff.element[1].3fw.section[1].signature.key_name  000012c4
ffff.element[1].3fw.section[1].signature.key_signature  00001324
